// Jest Snapshot v1, https://goo.gl/fbAQLP

exports[`App has a valid snapshot 1`] = `
<styled.div>
  <Header
    onChange={[Function]}
    onSubmit={[Function]}
    value=""
  />
  <Table
    list={Array []}
    onDismiss={[Function]}
  />
  <button
    onClick={[Function]}
  >
    Load More
  </button>
</styled.div>
`;
