// Jest Snapshot v1, https://goo.gl/fbAQLP

exports[`FiltersBar renders properly 1`] = `
<styled.div>
  Sort by:
  <styled.button
    onClick={[Function]}
  >
     Popularity 
  </styled.button>
  <styled.button
    onClick={[Function]}
  >
     Date 
  </styled.button>
</styled.div>
`;
