// Jest Snapshot v1, https://goo.gl/fbAQLP

exports[`Search has a valid snapshot 1`] = `
<styled.form
  onSubmit={[Function]}
>
  <styled.input
    onChange={[Function]}
    placeholder="Search stories by title, url or author"
    type="text"
    value=""
  />
  <styled.button
    type="submit"
  >
     Search 
  </styled.button>
</styled.form>
`;
