// Jest Snapshot v1, https://goo.gl/fbAQLP

exports[`Table has a valid snapshot 1`] = `
<styled.div>
  <TableItem
    author="Author Lorem"
    created_at="2017-05-05T14:14:17.000Z"
    key="1"
    objectID={1}
    points={553.43}
    title="random item test"
    url="random.url.test"
  />
  <TableItem
    author="Author Lorem"
    created_at="2017-05-05T14:14:17.000Z"
    key="2"
    objectID={2}
    points={253.43}
    title="random item 2 test "
    url="random.url.test.2"
  />
</styled.div>
`;
