// Jest Snapshot v1, https://goo.gl/fbAQLP

exports[`TableItem has valid snapshot 1`] = `null`;
