// Jest Snapshot v1, https://goo.gl/fbAQLP

exports[`Spinner renders properly 1`] = `
<styled.div>
  <styled.svg
    height={32}
    viewBox="0 0 64 64"
    width={32}
  >
    <styled.circle
      cx={32}
      cy={32}
      fill="none"
      r={16}
    />
  </styled.svg>
</styled.div>
`;
